
> auditsphere-visual-prototype@2.0.0 test:e2e
> npm run build && tsx --test tests/e2e/*.test.ts


> auditsphere-visual-prototype@2.0.0 build
> tsc --noEmit && vite build

[36mvite v8.3.0 [32mbuilding client environment for production...[36m[39m
transforming...
✓ 271 modules transformed.
rendering chunks...
computing gzip size...
dist/index.html                          1.09 kB │ gzip:   0.50 kB
dist/assets/index-W5oEz7Fx.css          43.70 kB │ gzip:   9.80 kB
dist/assets/purify.es-7fJ1DZ6H.js       26.97 kB │ gzip:  10.73 kB │ map:   162.96 kB
dist/assets/index.es-DFs1ka2C.js       151.41 kB │ gzip:  48.91 kB │ map:   594.05 kB
dist/assets/html2canvas-DRYdpfo0.js    199.53 kB │ gzip:  46.81 kB │ map:   598.01 kB
dist/assets/index-DaAFcmfT.js        2,372.65 kB │ gzip: 654.15 kB │ map: 7,620.77 kB

[32m✓ built in 2.83s[39m
[33m[plugin builtin:vite-reporter] 
(!) Some chunks are larger than 500 kB after minification. Consider:
- Using dynamic import() to code-split the application
- Use build.rolldownOptions.output.codeSplitting to improve chunking: https://rolldown.rs/reference/OutputOptions.codeSplitting
- Adjust chunk size limit for this warning via build.chunkSizeWarningLimit.[39m
▶ vite build serves locally
  ✔ AT-01: entrypoint boots the React shell with empty-state-safe markup (12.72ms)
  ✔ AT-04: served bundle advertises no excluded product surface (81.0066ms)
  ✔ AT-03: no external Microsoft/mail/payment/AI egress is baked into markup (18.792ms)
  ✔ AT-15/AT-25: static shell references the simulated M365 + portal surfaces (42.3601ms)
  ✔ VP-064: prototype docs ship alongside the build evidence (1.7167ms)
✔ vite build serves locally (1998.4056ms)
▶ actual Chrome browser acceptance
  ✔ AT-01/AT-03/AT-04: renders the app, keeps controls local, and presents scope disclosures (47.6121ms)
  ✔ VP-005: scopes dashboard records, metrics, attention and activity to the active grant (6483.5549ms)
  ✔ AT-15/AT-16: saves a per-capability M365 simulation and retains it on reload (5841.4074ms)
  ✔ VP-003-AC02: guards an unsaved client contact across persona changes (2475.7534ms)
  ✔ AT-18/AT-25/AT-53: switches to a client persona and exposes only the portal (919.1129ms)
  ✔ AT-17/AT-18: keeps identity mapping separate from a reviewed scoped access grant (964.1401ms)
  ✔ AT-53: opens every staff navigation route in Chrome without a render exception (6806.609ms)
  ✔ VP-051: reconciles scoped CSV/XLSX populations before testing and preserves replacement history (1209.5702ms)
  ✔ VP-052: creates a clean workpaper from a published template with a genuine sample workbook (1911.7331ms)
  ✔ VP-050: persists procedure fieldwork and requires independent reviewer clearance (1137.9699ms)
  ✖ VP-049: edits the persisted risk register and keeps procedure links reciprocal (8713.3298ms)
  ✔ AT-05/AT-06: creates a client, primary contact, typed value and non-authorizing relationship group (3846.1718ms)
  ✔ AT-07/AT-08: registers an opportunity, drafts a proposal and presents only after independent review (4835.4419ms)
  ✔ AT-09: client records a presented proposal response with evidence without auto-creating an engagement (635.7355ms)
  ✔ AT-10: creates a draft once from accepted proposal terms then requires partner activation evidence (790.128ms)
  ✔ AT-11/AT-12: blocks parent completion until subtasks finish and records an actual task reassignment (1414.949ms)
  ✔ AT-13: explicitly applies a published template with fresh tasks and no copied work state (2044.9171ms)
  ✔ AT-14: keeps job notes internal and records only scope-authorized local mentions (1273.6984ms)
  ✔ AT-27: logs a received meeting note manually and keeps the internal record out of the client portal (541.1211ms)
  ✔ AT-26: resolves a mail template and records accepted, failed, and unknown outcomes locally (1531.5012ms)
  ✔ AT-21: keeps OneDrive optional until enabled and preserves SharePoint as canonical storage (738.7788ms)
  ✔ AT-20: registers a replacement file without silently changing its pinned evidence reference (2852.7609ms)
  ✔ VP-021: keeps stable document identity through rename, move and unavailable-reference recovery (264.468ms)
  ✔ VP-053: records reasoned evidence unlink history and keeps the linked procedure stale (377.4108ms)
  ✔ AT-22: persists selected-file metadata across reload and explains that original bytes are unavailable (650.0752ms)
  ✔ AT-30/VP-030: drafts an invoice from approved time and reserves the source once (1087.4633ms)
  ✔ AT-31/VP-031: requires independent invoice and credit review before issue (642.3465ms)
  ✔ AT-50/VP-061: client search excludes internal activity and finds shared documents (2503.8442ms)
  ✔ AT-32/AT-33 VP-032/033: filters aging and statements, splits one offline receipt across invoices and reverses one allocation (1842.7017ms)
  ✔ AT-29/VP-029: versions a budget without rewriting approved time rates (376.3548ms)
  ✔ AT-44/VP-047: records independent acceptance and creates a clean next-period draft (733.6194ms)
  ✔ AT-41/AT-42/AT-48: saves exact generated package artifacts and verifies them after reload (10037.0613ms)
  ✔ AT-49/AT-60: validates every practice report, client scoping, and exported CSV rows (7707.6437ms)
  ✔ AT-43/AT-44/AT-45: reviews pinned consolidation snapshots and approved eliminations without changing source TBs (2241.8239ms)
  ✔ AT-44: warns on a changed component source and requires an explicit re-pin (1368.6925ms)
  ✔ AT-43: blocks missing FX and accepts a dated component-currency closing rate (3026.3115ms)
  ✔ AT-44: isolates a translation-rounding residual from balanced component sources (955.0784ms)
  ✔ AT-43: blocks consolidation output and identifies a missing perimeter role (684.0714ms)
  ✔ AT-43: labels minority ownership unsupported and produces no consolidated figures (712.6208ms)
  ✔ AT-43: edits the group perimeter with validation, history, elimination re-review and revert (2076.7922ms)
  ✔ AT-45: creates, returns and independently approves a balanced group elimination (2635.3984ms)
  ✔ VP-045-AC03: leaves the explained unmatched intercompany amount visible in group detail (692.1986ms)
  ✔ AT-43: projects only granted consolidation components under a narrow group grant (695.9304ms)
  ✔ AT-35: rejects an unbalanced TB import then preserves the accepted source revision on replacement (5741.3385ms)
  ✔ AT-23/AT-24: creates a PBC request, receives a replacement after clarification, then accepts it independently (3195.871ms)
  ✔ AT-28: records, returns, resubmits and corrects approved time as retained revisions (1016.1599ms)
  ✔ AT-38/AT-40: includes an accepted unreflected adjustment in the financial statements (1767.3963ms)
  ✔ AT-38: routes a new adjustment through independent technical review and client acceptance (3108.6908ms)
  ✔ AT-02/AT-54: preserves conflicts and reports browser-storage failure without silent overwrite (2074.4109ms)
  ✔ AT-02: preserves malformed saved state and offers a recoverable demo session (967.8498ms)
  ✔ VP-004: preserves a future-schema payload and restores a validated import (1139.215ms)
  ✔ VP-047/v13: legacy accepted case remains historical and requires evidence review (504.4118ms)
  ✔ AT-37: independently approves account mappings and traces statement rows to their source accounts (6385.923ms)
  ✔ AT-17/VP-018: adds a local identity without access, disables it, and inspects invitation history (2160.0921ms)
  ✔ VP-049: publishes and applies a reusable program template with fresh execution state (1491.7468ms)
  ✔ AT-19: prepares the same client workspace twice idempotently (1121.0535ms)
  ✔ AT-34: configures and persists the selected accounting context (1334.2761ms)
  ✔ AT-36: imports a period-bound GL source, reconciles opening plus movement to TB, and retains replacement history (2071.5647ms)
  ✔ AT-39: renders reconciliation timing and variance totals (2839.243ms)
  ✔ AT-46: opens workpaper, evidence and finding views (809.7724ms)
  ✔ VP-054: records a sourced qualitative finding and durable reasoned disposition (1847.0885ms)
  ✔ VP-055: requires an independent response review and reopens after workpaper revision (1860.2595ms)
  ✔ AT-55: shows a scope-filtered cross-engagement review queue (2117.4073ms)
  ✔ VP-055: raises a revision-pinned review note on a finding (1026.1572ms)
  ✔ AT-47: opens the sign-offs and EQR workspace (402.927ms)
  ✔ AT-51: saves a new rate version without rewriting issued invoices (811.6596ms)
  ✔ AT-52: carries manually entered client data through engagement, job, mapped statements and a persisted package (6267.3764ms)
  ✔ VP-012: suspends and resumes an engagement with reasoned persisted history (1737.3626ms)
  ✔ AT-03/VP-063: blocks external HTTP requests across the Chrome acceptance journeys (4.4943ms)
✖ actual Chrome browser acceptance (152138.8605ms)
ℹ tests 74
ℹ suites 2
ℹ pass 73
ℹ fail 1
ℹ cancelled 0
ℹ skipped 0
ℹ todo 0
ℹ duration_ms 155299.7089

✖ failing tests:

test at tests\e2e\app.test.ts:999:3
✖ VP-049: edits the persisted risk register and keeps procedure links reciprocal (8713.3298ms)
  AssertionError [ERR_ASSERTION]: Expected values to be strictly equal:
  
  false !== true
  
      at TestContext.<anonymous> (C:\Users\DELL\repos\auditsphere-visual-prototype\tests\e2e\app.test.ts:1010:12)
      at async Test.run (node:internal/test_runner/test:1389:7)
      at async Suite.processPendingSubtests (node:internal/test_runner/test:960:7) {
    generatedMessage: true,
    code: 'ERR_ASSERTION',
    actual: false,
    expected: true,
    operator: 'strictEqual',
    diff: 'simple'
  }
exit=1
