
> auditsphere-visual-prototype@2.0.0 test:e2e
> npm run build && tsx --test tests/e2e/*.test.ts


> auditsphere-visual-prototype@2.0.0 build
> tsc --noEmit && vite build

[36mvite v8.3.0 [32mbuilding client environment for production...[36m[39m
transforming...
✓ 273 modules transformed.
rendering chunks...
computing gzip size...
dist/index.html                          1.09 kB │ gzip:   0.50 kB
dist/assets/index-CRgZ8qwF.css          44.51 kB │ gzip:   9.94 kB
dist/assets/purify.es-7fJ1DZ6H.js       26.97 kB │ gzip:  10.73 kB │ map:   162.96 kB
dist/assets/index.es-OoZ6Rj1f.js       151.41 kB │ gzip:  48.91 kB │ map:   594.05 kB
dist/assets/html2canvas-B2Bdga-J.js    199.53 kB │ gzip:  46.81 kB │ map:   598.01 kB
dist/assets/index-Bd2s3k9l.js        2,426.15 kB │ gzip: 670.14 kB │ map: 7,698.78 kB

[32m✓ built in 2.41s[39m
[33m[plugin builtin:vite-reporter] 
(!) Some chunks are larger than 500 kB after minification. Consider:
- Using dynamic import() to code-split the application
- Use build.rolldownOptions.output.codeSplitting to improve chunking: https://rolldown.rs/reference/OutputOptions.codeSplitting
- Adjust chunk size limit for this warning via build.chunkSizeWarningLimit.[39m
▶ vite build serves locally
  ✔ AT-01: entrypoint boots the React shell with empty-state-safe markup (10.8853ms)
  ✔ AT-04: served bundle advertises no excluded product surface (48.1943ms)
  ✔ AT-03: no external Microsoft/mail/payment/AI egress is baked into markup (12.2106ms)
  ✔ AT-15/AT-25: static shell references the simulated M365 + portal surfaces (31.9459ms)
  ✔ VP-064: prototype docs ship alongside the build evidence (1.1391ms)
✔ vite build serves locally (1624.6434ms)
▶ actual Chrome browser acceptance
  ✔ AT-01/AT-03/AT-04: renders the app, keeps controls local, and presents scope disclosures (15.6502ms)
  ✔ VP-005: scopes dashboard records, metrics, attention and activity to the active grant (4958.7312ms)
  ✔ AT-15/AT-16: saves a per-capability M365 simulation and retains it on reload (5830.8409ms)
  ✔ VP-003-AC02: guards an unsaved client contact across persona changes (2407.9997ms)
  ✔ AT-18/AT-25/AT-53: switches to a client persona and exposes only the portal (875.9795ms)
  ✔ AT-17/AT-18: keeps identity mapping separate from a reviewed scoped access grant (993.476ms)
  ✔ AT-53: opens every staff navigation route in Chrome without a render exception (6890.7161ms)
  ✔ VP-051: reconciles scoped CSV/XLSX populations before testing and preserves replacement history (1260.5376ms)
  ✔ VP-052: creates a clean workpaper from a published template with a genuine sample workbook (1911.6986ms)
  ✔ VP-050: persists procedure fieldwork and requires independent reviewer clearance (1031.5871ms)
  ✔ VP-049: edits the persisted risk register and keeps procedure links reciprocal (3312.61ms)
  ✔ AT-05/AT-06: creates a client, primary contact, typed value and non-authorizing relationship group (3715.764ms)
  ✔ AT-07/AT-08: registers an opportunity, drafts a proposal and presents only after independent review (4980.9907ms)
  ✔ AT-09: client records a presented proposal response with evidence without auto-creating an engagement (632.8908ms)
  ✔ AT-10: creates a draft once from accepted proposal terms then requires partner activation evidence (796.6847ms)
  ✔ AT-11/AT-12: blocks parent completion until subtasks finish and records an actual task reassignment (1317.4733ms)
  ✔ AT-13: explicitly applies a published template with fresh tasks and no copied work state (1994.8172ms)
  ✔ AT-14: keeps job notes internal and records only scope-authorized local mentions (1330.9724ms)
  ✔ AT-27: logs a received meeting note manually and keeps the internal record out of the client portal (590.0944ms)
  ✔ AT-26: resolves a mail template and records accepted, failed, and unknown outcomes locally (1549.0346ms)
  ✔ AT-21: keeps OneDrive optional until enabled and preserves SharePoint as canonical storage (762.7382ms)
  ✔ AT-20: registers a replacement file without silently changing its pinned evidence reference (2826.7921ms)
  ✔ VP-021: keeps stable document identity through rename, move and unavailable-reference recovery (250.0187ms)
  ✔ VP-053: records reasoned evidence unlink history and keeps the linked procedure stale (358.6201ms)
  ✔ AT-22: persists selected-file metadata across reload and explains that original bytes are unavailable (644.1815ms)
  ✔ AT-30/VP-030: drafts an invoice from approved time and reserves the source once (1075.0371ms)
  ✔ AT-31/VP-031: requires independent invoice and credit review before issue (667.4632ms)
  ✔ AT-50/VP-061: client search excludes internal activity and finds shared documents (2721.4115ms)
  ✔ AT-32/AT-33 VP-032/033: filters aging and statements, splits one offline receipt across invoices and reverses one allocation (2187.5433ms)
  ✔ AT-29/VP-029: versions a budget without rewriting approved time rates (395.7052ms)
  ✔ AT-44/VP-047: records independent acceptance and creates a clean next-period draft (826.8357ms)
  ✔ AT-41/AT-42/AT-48: saves exact generated package artifacts and verifies them after reload (10221.0806ms)
  ✔ AT-49/AT-60: validates every practice report, client scoping, and exported CSV rows (9077.4352ms)
  ✔ AT-43/AT-44/AT-45: reviews pinned consolidation snapshots and approved eliminations without changing source TBs (2932.066ms)
  ✔ AT-44: warns on a changed component source and requires an explicit re-pin (1563.848ms)
  ✔ AT-43: blocks missing FX and accepts a dated component-currency closing rate (3156.2977ms)
  ✔ AT-44: isolates a translation-rounding residual from balanced component sources (1293.1518ms)
  ✔ AT-43: blocks consolidation output and identifies a missing perimeter role (892.7134ms)
  ✔ AT-43: labels minority ownership unsupported and produces no consolidated figures (984.5019ms)
  ✔ AT-43: edits the group perimeter with validation, history, elimination re-review and revert (2274.5029ms)
  ✔ AT-45: creates, returns and independently approves a balanced group elimination (2657.3159ms)
  ✔ VP-045-AC03: leaves the explained unmatched intercompany amount visible in group detail (827.943ms)
  ✔ AT-43: projects only granted consolidation components under a narrow group grant (959.2659ms)
  ✔ AT-35: rejects an unbalanced TB import then preserves the accepted source revision on replacement (6061.8996ms)
  ✔ AT-23/AT-24: creates a PBC request, receives a replacement after clarification, then accepts it independently (3108.8342ms)
  ✔ AT-28: records, returns, resubmits and corrects approved time as retained revisions (1028.9042ms)
  ✔ AT-38/AT-40: includes an accepted unreflected adjustment in the financial statements (1783.8366ms)
  ✔ AT-38: routes a new adjustment through independent technical review and client acceptance (3189.4312ms)
  ✔ AT-02/AT-54: preserves conflicts and reports browser-storage failure without silent overwrite (2108.7162ms)
  ✔ AT-02: preserves malformed saved state and offers a recoverable demo session (863.5654ms)
  ✔ VP-004: preserves a future-schema payload and restores a validated import (983.6245ms)
  ✔ VP-047/v13: legacy accepted case remains historical and requires evidence review (493.0761ms)
  ✔ AT-37: independently approves account mappings and traces statement rows to their source accounts (6111.0111ms)
  ✔ AT-17/VP-018: adds a local identity without access, disables it, and inspects invitation history (2508.847ms)
  ✔ VP-049: publishes and applies a reusable program template with fresh execution state (1649.6135ms)
  ✔ AT-19: prepares the same client workspace twice idempotently (1379.1519ms)
  ✔ AT-34: configures and persists the selected accounting context (1539.7379ms)
  ✔ AT-36: imports a period-bound GL source, reconciles opening plus movement to TB, and retains replacement history (2498.9844ms)
  ✔ AT-39: renders reconciliation timing and variance totals (2882.7238ms)
  ✔ AT-46: opens workpaper, evidence and finding views (820.9276ms)
  ✔ VP-054: records a sourced qualitative finding and durable reasoned disposition (2109.4314ms)
  ✔ VP-055: requires an independent response review and reopens after workpaper revision (2343.7961ms)
  ✔ AT-55: shows a scope-filtered cross-engagement review queue (2683.1524ms)
  ✔ VP-055: raises a revision-pinned review note on a finding (964.6817ms)
  ✔ AT-47: opens the sign-offs and EQR workspace (381.3246ms)
  ✔ AT-51: saves a new rate version without rewriting issued invoices (795.5326ms)
  ✔ AT-52: carries manually entered client data through engagement, job, mapped statements and a persisted package (5562.3806ms)
  ✔ VP-012: suspends and resumes an engagement with reasoned persisted history (1655.9763ms)
  ✔ AT-03/VP-063: blocks external HTTP requests across the Chrome acceptance journeys (4.129ms)
✔ actual Chrome browser acceptance (151475.8773ms)
ℹ tests 74
ℹ suites 2
ℹ pass 74
ℹ fail 0
ℹ cancelled 0
ℹ skipped 0
ℹ todo 0
ℹ duration_ms 154120.4233
exit=0
