
> auditsphere-visual-prototype@2.0.0 test:e2e
> npm run build && tsx --test tests/e2e/*.test.ts


> auditsphere-visual-prototype@2.0.0 build
> tsc --noEmit && vite build

[36mvite v8.3.0 [32mbuilding client environment for production...[36m[39m
transforming...
✓ 271 modules transformed.
rendering chunks...
computing gzip size...
dist/index.html                          1.09 kB │ gzip:   0.50 kB
dist/assets/index-W5oEz7Fx.css          43.70 kB │ gzip:   9.80 kB
dist/assets/purify.es-7fJ1DZ6H.js       26.97 kB │ gzip:  10.73 kB │ map:   162.96 kB
dist/assets/index.es-CvpbfL-B.js       151.41 kB │ gzip:  48.92 kB │ map:   594.05 kB
dist/assets/html2canvas-CKnpcc9g.js    199.53 kB │ gzip:  46.81 kB │ map:   598.01 kB
dist/assets/index-DOppUtLz.js        2,372.31 kB │ gzip: 654.07 kB │ map: 7,619.91 kB

[32m✓ built in 4.25s[39m
[33m[plugin builtin:vite-reporter] 
(!) Some chunks are larger than 500 kB after minification. Consider:
- Using dynamic import() to code-split the application
- Use build.rolldownOptions.output.codeSplitting to improve chunking: https://rolldown.rs/reference/OutputOptions.codeSplitting
- Adjust chunk size limit for this warning via build.chunkSizeWarningLimit.[39m
[33m[33m[PLUGIN_TIMINGS] [0mPlugin hooks ran for 2.3s of this 4.2s build (53%).
The slowest hooks, timed inside each callback (the wait before a callback starts is excluded, the time it awaits is included):
  - vite:build-import-analysis generateBundle (49%, 2.1s, 1 call)
Additional hook time came from the hooks below and from hooks under 1s.
1 hook is listed without a time. Its calls overlapped, so the time inside one call includes work from other calls. To find its cost, profile the build with `node --cpu-prof`:
  - vite:css transform (3 calls)
See https://rolldown.rs/reference/InputOptions.checks#plugintimings for more details.
[39m
▶ vite build serves locally
  ✔ AT-01: entrypoint boots the React shell with empty-state-safe markup (25.4343ms)
  ✔ AT-04: served bundle advertises no excluded product surface (162.6151ms)
  ✔ AT-03: no external Microsoft/mail/payment/AI egress is baked into markup (34.3142ms)
  ✔ AT-15/AT-25: static shell references the simulated M365 + portal surfaces (97.1549ms)
  ✔ VP-064: prototype docs ship alongside the build evidence (4.7704ms)
✔ vite build serves locally (4952.3026ms)
▶ actual Chrome browser acceptance
  ✔ AT-01/AT-03/AT-04: renders the app, keeps controls local, and presents scope disclosures (107.265ms)
  ✔ VP-005: scopes dashboard records, metrics, attention and activity to the active grant (10664.3178ms)
  ✔ AT-15/AT-16: saves a per-capability M365 simulation and retains it on reload (6574.5295ms)
  ✔ VP-003-AC02: guards an unsaved client contact across persona changes (2527.4545ms)
  ✔ AT-18/AT-25/AT-53: switches to a client persona and exposes only the portal (954.6753ms)
  ✔ AT-17/AT-18: keeps identity mapping separate from a reviewed scoped access grant (1043.0829ms)
  ✔ AT-53: opens every staff navigation route in Chrome without a render exception (6783.5013ms)
  ✔ VP-051: reconciles scoped CSV/XLSX populations before testing and preserves replacement history (1250.2295ms)
  ✔ VP-052: creates a clean workpaper from a published template with a genuine sample workbook (1989.7219ms)
  ✔ VP-050: persists procedure fieldwork and requires independent reviewer clearance (1373.832ms)
  ✖ VP-049: edits the persisted risk register and keeps procedure links reciprocal (8773.9201ms)
  ✖ AT-05/AT-06: creates a client, primary contact, typed value and non-authorizing relationship group (9.6277ms)
  ✖ AT-07/AT-08: registers an opportunity, drafts a proposal and presents only after independent review (10.9669ms)
  ✔ AT-09: client records a presented proposal response with evidence without auto-creating an engagement (601.7386ms)
  ✔ AT-10: creates a draft once from accepted proposal terms then requires partner activation evidence (843.6914ms)
  ✔ AT-11/AT-12: blocks parent completion until subtasks finish and records an actual task reassignment (1937.3952ms)
  ✔ AT-13: explicitly applies a published template with fresh tasks and no copied work state (2115.9842ms)
  ✔ AT-14: keeps job notes internal and records only scope-authorized local mentions (1427.6314ms)
  ✔ AT-27: logs a received meeting note manually and keeps the internal record out of the client portal (657.6946ms)
  ✔ AT-26: resolves a mail template and records accepted, failed, and unknown outcomes locally (1671.9221ms)
  ✔ AT-21: keeps OneDrive optional until enabled and preserves SharePoint as canonical storage (746.5418ms)
  ✔ AT-20: registers a replacement file without silently changing its pinned evidence reference (2864.6396ms)
  ✔ VP-021: keeps stable document identity through rename, move and unavailable-reference recovery (237.243ms)
  ✔ VP-053: records reasoned evidence unlink history and keeps the linked procedure stale (390.7532ms)
  ✔ AT-22: persists selected-file metadata across reload and explains that original bytes are unavailable (832.2052ms)
  ✔ AT-30/VP-030: drafts an invoice from approved time and reserves the source once (1169.3491ms)
  ✔ AT-31/VP-031: requires independent invoice and credit review before issue (896.6588ms)
  ✔ AT-50/VP-061: client search excludes internal activity and finds shared documents (4057.7683ms)
  ✔ AT-32/AT-33 VP-032/033: filters aging and statements, splits one offline receipt across invoices and reverses one allocation (3007.1026ms)
  ✔ AT-29/VP-029: versions a budget without rewriting approved time rates (432.6855ms)
  ✔ AT-44/VP-047: records independent acceptance and creates a clean next-period draft (953.0633ms)
  ✔ AT-41/AT-42/AT-48: saves exact generated package artifacts and verifies them after reload (11418.6625ms)
  ✔ AT-49/AT-60: validates every practice report, client scoping, and exported CSV rows (8337.217ms)
  ✔ AT-43/AT-44/AT-45: reviews pinned consolidation snapshots and approved eliminations without changing source TBs (2342.61ms)
  ✔ AT-44: warns on a changed component source and requires an explicit re-pin (1394.501ms)
  ✔ AT-43: blocks missing FX and accepts a dated component-currency closing rate (2838.521ms)
  ✔ AT-44: isolates a translation-rounding residual from balanced component sources (1013.5361ms)
  ✔ AT-43: blocks consolidation output and identifies a missing perimeter role (901.7802ms)
  ✔ AT-43: labels minority ownership unsupported and produces no consolidated figures (845.1394ms)
  ✔ AT-43: edits the group perimeter with validation, history, elimination re-review and revert (2074.5955ms)
  ✔ AT-45: creates, returns and independently approves a balanced group elimination (2574.2504ms)
  ✔ VP-045-AC03: leaves the explained unmatched intercompany amount visible in group detail (705.076ms)
  ✔ AT-43: projects only granted consolidation components under a narrow group grant (717.824ms)
  ✔ AT-35: rejects an unbalanced TB import then preserves the accepted source revision on replacement (5270.8119ms)
  ✔ AT-23/AT-24: creates a PBC request, receives a replacement after clarification, then accepts it independently (2892.1357ms)
  ✔ AT-28: records, returns, resubmits and corrects approved time as retained revisions (938.9049ms)
  ✔ AT-38/AT-40: includes an accepted unreflected adjustment in the financial statements (1714.2157ms)
  ✖ AT-38: routes a new adjustment through independent technical review and client acceptance (9492.3357ms)
  ✖ AT-02/AT-54: preserves conflicts and reports browser-storage failure without silent overwrite (8047.4832ms)
  ✔ AT-02: preserves malformed saved state and offers a recoverable demo session (596.6828ms)
  ✔ VP-004: preserves a future-schema payload and restores a validated import (736.3538ms)
  ✔ VP-047/v13: legacy accepted case remains historical and requires evidence review (330.6592ms)
  ✔ AT-37: independently approves account mappings and traces statement rows to their source accounts (5184.1324ms)
  ✔ AT-17/VP-018: adds a local identity without access, disables it, and inspects invitation history (1669.1453ms)
  ✔ VP-049: publishes and applies a reusable program template with fresh execution state (1298.3879ms)
  ✔ AT-19: prepares the same client workspace twice idempotently (800.593ms)
  ✔ AT-34: configures and persists the selected accounting context (993.9201ms)
  ✔ AT-36: imports a period-bound GL source, reconciles opening plus movement to TB, and retains replacement history (1421.5182ms)
  ✔ AT-39: renders reconciliation timing and variance totals (2379.947ms)
  ✔ AT-46: opens workpaper, evidence and finding views (651.1067ms)
  ✔ VP-054: records a sourced qualitative finding and durable reasoned disposition (1362.3208ms)
  ✔ VP-055: requires an independent response review and reopens after workpaper revision (1699.6054ms)
  ✔ AT-55: shows a scope-filtered cross-engagement review queue (2322.0212ms)
  ✔ VP-055: raises a revision-pinned review note on a finding (917.0523ms)
  ✔ AT-47: opens the sign-offs and EQR workspace (308.8664ms)
  ✔ AT-51: saves a new rate version without rewriting issued invoices (649.3586ms)
  ✔ AT-52: carries manually entered client data through engagement, job, mapped statements and a persisted package (4921.3565ms)
  ✔ VP-012: suspends and resumes an engagement with reasoned persisted history (1590.3662ms)
  ✔ AT-03/VP-063: blocks external HTTP requests across the Chrome acceptance journeys (2.9985ms)
✖ actual Chrome browser acceptance (160272.7225ms)
ℹ tests 74
ℹ suites 2
ℹ pass 69
ℹ fail 5
ℹ cancelled 0
ℹ skipped 0
ℹ todo 0
ℹ duration_ms 167407.9487

✖ failing tests:

test at tests\e2e\app.test.ts:999:3
✖ VP-049: edits the persisted risk register and keeps procedure links reciprocal (8773.9201ms)
  AssertionError [ERR_ASSERTION]: Expected values to be strictly equal:
  
  false !== true
  
      at TestContext.<anonymous> (C:\Users\DELL\repos\auditsphere-visual-prototype\tests\e2e\app.test.ts:1009:12)
      at async Test.run (node:internal/test_runner/test:1389:7)
      at async Suite.processPendingSubtests (node:internal/test_runner/test:960:7) {
    generatedMessage: true,
    code: 'ERR_ASSERTION',
    actual: false,
    expected: true,
    operator: 'strictEqual',
    diff: 'simple'
  }

test at tests\e2e\app.test.ts:1046:3
✖ AT-05/AT-06: creates a client, primary contact, typed value and non-authorizing relationship group (9.6277ms)
  AssertionError [ERR_ASSERTION]: button not found: Add Client Profile
  
  false !== true
  
      at clickButton (C:\Users\DELL\repos\auditsphere-visual-prototype\tests\e2e\app.test.ts:178:10)
      at async TestContext.<anonymous> (C:\Users\DELL\repos\auditsphere-visual-prototype\tests\e2e\app.test.ts:1054:5)
      at async Test.run (node:internal/test_runner/test:1389:7)
      at async Suite.processPendingSubtests (node:internal/test_runner/test:960:7) {
    generatedMessage: false,
    code: 'ERR_ASSERTION',
    actual: false,
    expected: true,
    operator: 'strictEqual',
    diff: 'simple'
  }

test at tests\e2e\app.test.ts:1119:3
✖ AT-07/AT-08: registers an opportunity, drafts a proposal and presents only after independent review (10.9669ms)
  Error: Error: Missing acquisition route
      at <anonymous>:1:139
      at <anonymous>:1:186
      at CdpTab.evaluate (C:\Users\DELL\repos\auditsphere-visual-prototype\tests\e2e\app.test.ts:72:40)
      at async TestContext.<anonymous> (C:\Users\DELL\repos\auditsphere-visual-prototype\tests\e2e\app.test.ts:1123:5)
      at async Test.run (node:internal/test_runner/test:1389:7)
      at async Suite.processPendingSubtests (node:internal/test_runner/test:960:7)

test at tests\e2e\app.test.ts:3473:3
✖ AT-38: routes a new adjustment through independent technical review and client acceptance (9492.3357ms)
  AssertionError [ERR_ASSERTION]: partial reflection is excluded with an actionable reason
  
  false !== true
  
      at TestContext.<anonymous> (C:\Users\DELL\repos\auditsphere-visual-prototype\tests\e2e\app.test.ts:3532:12)
      at async Test.run (node:internal/test_runner/test:1389:7)
      at async Suite.processPendingSubtests (node:internal/test_runner/test:960:7) {
    generatedMessage: false,
    code: 'ERR_ASSERTION',
    actual: false,
    expected: true,
    operator: 'strictEqual',
    diff: 'simple'
  }

test at tests\e2e\app.test.ts:3584:3
✖ AT-02/AT-54: preserves conflicts and reports browser-storage failure without silent overwrite (8047.4832ms)
  AssertionError [ERR_ASSERTION]: Expected values to be strictly equal:
  
  false !== true
  
      at TestContext.<anonymous> (C:\Users\DELL\repos\auditsphere-visual-prototype\tests\e2e\app.test.ts:3590:12)
      at async Test.run (node:internal/test_runner/test:1389:7)
      at async Suite.processPendingSubtests (node:internal/test_runner/test:960:7) {
    generatedMessage: true,
    code: 'ERR_ASSERTION',
    actual: false,
    expected: true,
    operator: 'strictEqual',
    diff: 'simple'
  }
exit=1
