
> auditsphere-visual-prototype@2.0.0 test:e2e
> npm run build && tsx --test tests/e2e/*.test.ts


> auditsphere-visual-prototype@2.0.0 build
> tsc --noEmit && vite build

[36mvite v8.3.0 [32mbuilding client environment for production...[36m[39m
transforming...
✓ 273 modules transformed.
rendering chunks...
computing gzip size...
dist/index.html                          1.09 kB │ gzip:   0.50 kB
dist/assets/index-CRgZ8qwF.css          44.51 kB │ gzip:   9.94 kB
dist/assets/purify.es-7fJ1DZ6H.js       26.97 kB │ gzip:  10.73 kB │ map:   162.96 kB
dist/assets/index.es-OoZ6Rj1f.js       151.41 kB │ gzip:  48.91 kB │ map:   594.05 kB
dist/assets/html2canvas-B2Bdga-J.js    199.53 kB │ gzip:  46.81 kB │ map:   598.01 kB
dist/assets/index-Bd2s3k9l.js        2,426.15 kB │ gzip: 670.14 kB │ map: 7,698.78 kB

[32m✓ built in 1.90s[39m
[33m[plugin builtin:vite-reporter] 
(!) Some chunks are larger than 500 kB after minification. Consider:
- Using dynamic import() to code-split the application
- Use build.rolldownOptions.output.codeSplitting to improve chunking: https://rolldown.rs/reference/OutputOptions.codeSplitting
- Adjust chunk size limit for this warning via build.chunkSizeWarningLimit.[39m
▶ vite build serves locally
  ✔ AT-01: entrypoint boots the React shell with empty-state-safe markup (12.8057ms)
  ✔ AT-04: served bundle advertises no excluded product surface (73.8599ms)
  ✔ AT-03: no external Microsoft/mail/payment/AI egress is baked into markup (6.8658ms)
  ✔ AT-15/AT-25: static shell references the simulated M365 + portal surfaces (56.4906ms)
  ✔ VP-064: prototype docs ship alongside the build evidence (0.8692ms)
✔ vite build serves locally (1625.3611ms)
▶ actual Chrome browser acceptance
  ✔ AT-01/AT-03/AT-04: renders the app, keeps controls local, and presents scope disclosures (10.985ms)
  ✔ VP-005: scopes dashboard records, metrics, attention and activity to the active grant (3979.9782ms)
  ✔ AT-15/AT-16: saves a per-capability M365 simulation and retains it on reload (5801.5575ms)
  ✔ VP-003-AC02: guards an unsaved client contact across persona changes (2175.119ms)
  ✖ AT-18/AT-25/AT-53: switches to a client persona and exposes only the portal (33.8286ms)
  ✔ AT-17/AT-18: keeps identity mapping separate from a reviewed scoped access grant (919.4342ms)
  ✔ AT-53: opens every staff navigation route in Chrome without a render exception (6840.47ms)
  ✔ VP-051: reconciles scoped CSV/XLSX populations before testing and preserves replacement history (973.0808ms)
  ✔ VP-052: creates a clean workpaper from a published template with a genuine sample workbook (1872.8462ms)
  ✔ VP-050: persists procedure fieldwork and requires independent reviewer clearance (1137.5781ms)
  ✔ VP-049: edits the persisted risk register and keeps procedure links reciprocal (3157.7826ms)
  ✔ AT-05/AT-06: creates a client, primary contact, typed value and non-authorizing relationship group (3565.3304ms)
  ✔ AT-07/AT-08: registers an opportunity, drafts a proposal and presents only after independent review (4715.6779ms)
  ✔ AT-09: client records a presented proposal response with evidence without auto-creating an engagement (500.3102ms)
  ✔ AT-10: creates a draft once from accepted proposal terms then requires partner activation evidence (674.0349ms)
  ✔ AT-11/AT-12: blocks parent completion until subtasks finish and records an actual task reassignment (1261.735ms)
  ✔ AT-13: explicitly applies a published template with fresh tasks and no copied work state (1926.3096ms)
  ✔ AT-14: keeps job notes internal and records only scope-authorized local mentions (1263.7167ms)
  ✔ AT-27: logs a received meeting note manually and keeps the internal record out of the client portal (529.5558ms)
  ✔ AT-26: resolves a mail template and records accepted, failed, and unknown outcomes locally (1533.0412ms)
  ✔ AT-21: keeps OneDrive optional until enabled and preserves SharePoint as canonical storage (716.9836ms)
  ✔ AT-20: registers a replacement file without silently changing its pinned evidence reference (2750.3277ms)
  ✔ VP-021: keeps stable document identity through rename, move and unavailable-reference recovery (227.4722ms)
  ✔ VP-053: records reasoned evidence unlink history and keeps the linked procedure stale (365.1017ms)
  ✔ AT-22: persists selected-file metadata across reload and explains that original bytes are unavailable (510.352ms)
  ✔ AT-30/VP-030: drafts an invoice from approved time and reserves the source once (1049.6995ms)
  ✔ AT-31/VP-031: requires independent invoice and credit review before issue (586.1329ms)
  ✔ AT-50/VP-061: client search excludes internal activity and finds shared documents (2048.7319ms)
  ✔ AT-32/AT-33 VP-032/033: filters aging and statements, splits one offline receipt across invoices and reverses one allocation (1460.5683ms)
  ✔ AT-29/VP-029: versions a budget without rewriting approved time rates (363.3167ms)
  ✔ AT-44/VP-047: records independent acceptance and creates a clean next-period draft (714.1309ms)
  ✔ AT-41/AT-42/AT-48: saves exact generated package artifacts and verifies them after reload (9562.54ms)
  ✔ AT-49/AT-60: validates every practice report, client scoping, and exported CSV rows (7583.4242ms)
  ✔ AT-43/AT-44/AT-45: reviews pinned consolidation snapshots and approved eliminations without changing source TBs (1942.332ms)
  ✔ AT-44: warns on a changed component source and requires an explicit re-pin (1147.4607ms)
  ✔ AT-43: blocks missing FX and accepts a dated component-currency closing rate (2587.4743ms)
  ✔ AT-44: isolates a translation-rounding residual from balanced component sources (635.5686ms)
  ✔ AT-43: blocks consolidation output and identifies a missing perimeter role (471.101ms)
  ✔ AT-43: labels minority ownership unsupported and produces no consolidated figures (463.1432ms)
  ✔ AT-43: edits the group perimeter with validation, history, elimination re-review and revert (1796.9767ms)
  ✔ AT-45: creates, returns and independently approves a balanced group elimination (2308.378ms)
  ✔ VP-045-AC03: leaves the explained unmatched intercompany amount visible in group detail (481.2816ms)
  ✔ AT-43: projects only granted consolidation components under a narrow group grant (484.2876ms)
  ✔ AT-35: rejects an unbalanced TB import then preserves the accepted source revision on replacement (4949.3976ms)
  ✔ AT-23/AT-24: creates a PBC request, receives a replacement after clarification, then accepts it independently (2958.9239ms)
  ✔ AT-28: records, returns, resubmits and corrects approved time as retained revisions (993.7699ms)
  ✔ AT-38/AT-40: includes an accepted unreflected adjustment in the financial statements (1727.3751ms)
  ✔ AT-38: routes a new adjustment through independent technical review and client acceptance (2984.3095ms)
  ✔ AT-02/AT-54: preserves conflicts and reports browser-storage failure without silent overwrite (1894.8273ms)
  ✔ AT-02: preserves malformed saved state and offers a recoverable demo session (758.2217ms)
  ✔ VP-004: preserves a future-schema payload and restores a validated import (1008.6273ms)
  ✔ VP-047/v13: legacy accepted case remains historical and requires evidence review (433.8482ms)
  ✔ AT-37: independently approves account mappings and traces statement rows to their source accounts (6797.2912ms)
  ✔ AT-17/VP-018: adds a local identity without access, disables it, and inspects invitation history (1862.9306ms)
  ✔ VP-049: publishes and applies a reusable program template with fresh execution state (1428.9908ms)
  ✔ AT-19: prepares the same client workspace twice idempotently (1054.4038ms)
  ✔ AT-34: configures and persists the selected accounting context (1271.6755ms)
  ✔ AT-36: imports a period-bound GL source, reconciles opening plus movement to TB, and retains replacement history (1967.5563ms)
  ✔ AT-39: renders reconciliation timing and variance totals (2836.7407ms)
  ✔ AT-46: opens workpaper, evidence and finding views (789.8183ms)
  ✔ VP-054: records a sourced qualitative finding and durable reasoned disposition (1849.7027ms)
  ✔ VP-055: requires an independent response review and reopens after workpaper revision (1869.8503ms)
  ✔ AT-55: shows a scope-filtered cross-engagement review queue (2480.3872ms)
  ✔ VP-055: raises a revision-pinned review note on a finding (1100.5386ms)
  ✔ AT-47: opens the sign-offs and EQR workspace (444.0298ms)
  ✔ AT-51: saves a new rate version without rewriting issued invoices (846.254ms)
  ✔ AT-52: carries manually entered client data through engagement, job, mapped statements and a persisted package (5687.8051ms)
  ✔ VP-012: suspends and resumes an engagement with reasoned persisted history (1838.6347ms)
  ✔ AT-03/VP-063: blocks external HTTP requests across the Chrome acceptance journeys (4.2816ms)
✖ actual Chrome browser acceptance (134975.9714ms)
ℹ tests 74
ℹ suites 2
ℹ pass 73
ℹ fail 1
ℹ cancelled 0
ℹ skipped 0
ℹ todo 0
ℹ duration_ms 137502.7797

✖ failing tests:

test at tests\e2e\app.test.ts:690:3
✖ AT-18/AT-25/AT-53: switches to a client persona and exposes only the portal (33.8286ms)
  AssertionError [ERR_ASSERTION]: Expected values to be strictly deep-equal:
  + actual - expected
  
    [
      'Client Experience Portal',
  +   'Module Guide',
      'Specifications & PRD'
    ]
  
      at TestContext.<anonymous> (C:\Users\DELL\repos\auditsphere-visual-prototype\tests\e2e\app.test.ts:701:12)
      at async Test.run (node:internal/test_runner/test:1389:7)
      at async Suite.processPendingSubtests (node:internal/test_runner/test:960:7) {
    generatedMessage: true,
    code: 'ERR_ASSERTION',
    actual: [ 'Client Experience Portal', 'Module Guide', 'Specifications & PRD' ],
    expected: [ 'Client Experience Portal', 'Specifications & PRD' ],
    operator: 'deepStrictEqual',
    diff: 'simple'
  }
exit=1
