
> auditsphere-visual-prototype@2.0.0 test:e2e
> npm run build && tsx --test tests/e2e/*.test.ts


> auditsphere-visual-prototype@2.0.0 build
> tsc --noEmit && vite build

[36mvite v8.3.0 [32mbuilding client environment for production...[36m[39m
transforming...
✓ 273 modules transformed.
rendering chunks...
computing gzip size...
dist/index.html                          1.09 kB │ gzip:   0.51 kB
dist/assets/index-W5oEz7Fx.css          43.70 kB │ gzip:   9.80 kB
dist/assets/purify.es-7fJ1DZ6H.js       26.97 kB │ gzip:  10.73 kB │ map:   162.96 kB
dist/assets/index.es-g6OsmbG2.js       151.41 kB │ gzip:  48.92 kB │ map:   594.05 kB
dist/assets/html2canvas-DBNM6IGT.js    199.53 kB │ gzip:  46.81 kB │ map:   598.01 kB
dist/assets/index-LAQxeQYw.js        2,425.57 kB │ gzip: 669.97 kB │ map: 7,696.85 kB

[32m✓ built in 4.44s[39m
[33m[plugin builtin:vite-reporter] 
(!) Some chunks are larger than 500 kB after minification. Consider:
- Using dynamic import() to code-split the application
- Use build.rolldownOptions.output.codeSplitting to improve chunking: https://rolldown.rs/reference/OutputOptions.codeSplitting
- Adjust chunk size limit for this warning via build.chunkSizeWarningLimit.[39m
[33m[33m[PLUGIN_TIMINGS] [0mPlugin hooks ran for 2.7s of this 4.4s build (60%).
The slowest hooks, timed inside each callback (the wait before a callback starts is excluded, the time it awaits is included):
  - vite:build-import-analysis generateBundle (56%, 2.5s, 1 call)
Additional hook time came from the hooks below and from hooks under 1s.
1 hook is listed without a time. Its calls overlapped, so the time inside one call includes work from other calls. To find its cost, profile the build with `node --cpu-prof`:
  - vite:css transform (3 calls)
See https://rolldown.rs/reference/InputOptions.checks#plugintimings for more details.
[39m
▶ vite build serves locally
  ✔ AT-01: entrypoint boots the React shell with empty-state-safe markup (14.1463ms)
  ✔ AT-04: served bundle advertises no excluded product surface (63.9569ms)
  ✔ AT-03: no external Microsoft/mail/payment/AI egress is baked into markup (9.3494ms)
  ✔ AT-15/AT-25: static shell references the simulated M365 + portal surfaces (30.6512ms)
  ✔ VP-064: prototype docs ship alongside the build evidence (1.2985ms)
✔ vite build serves locally (2792.0038ms)
▶ actual Chrome browser acceptance
  ✔ AT-01/AT-03/AT-04: renders the app, keeps controls local, and presents scope disclosures (13.1723ms)
  ✔ VP-005: scopes dashboard records, metrics, attention and activity to the active grant (7633.8804ms)
  ✔ AT-15/AT-16: saves a per-capability M365 simulation and retains it on reload (6119.5551ms)
  ✔ VP-003-AC02: guards an unsaved client contact across persona changes (3389.4102ms)
  ✔ AT-18/AT-25/AT-53: switches to a client persona and exposes only the portal (1022.2873ms)
  ✔ AT-17/AT-18: keeps identity mapping separate from a reviewed scoped access grant (1163.1009ms)
  ✔ AT-53: opens every staff navigation route in Chrome without a render exception (6766.8497ms)
  ✔ VP-051: reconciles scoped CSV/XLSX populations before testing and preserves replacement history (1012.3637ms)
  ✔ VP-052: creates a clean workpaper from a published template with a genuine sample workbook (1848.9387ms)
  ✔ VP-050: persists procedure fieldwork and requires independent reviewer clearance (1105.4235ms)
  ✔ VP-049: edits the persisted risk register and keeps procedure links reciprocal (3235.2578ms)
  ✔ AT-05/AT-06: creates a client, primary contact, typed value and non-authorizing relationship group (3628.0256ms)
  ✔ AT-07/AT-08: registers an opportunity, drafts a proposal and presents only after independent review (4700.5564ms)
  ✔ AT-09: client records a presented proposal response with evidence without auto-creating an engagement (514.11ms)
  ✔ AT-10: creates a draft once from accepted proposal terms then requires partner activation evidence (688.4703ms)
  ✔ AT-11/AT-12: blocks parent completion until subtasks finish and records an actual task reassignment (1207.9764ms)
  ✔ AT-13: explicitly applies a published template with fresh tasks and no copied work state (1964.5957ms)
  ✔ AT-14: keeps job notes internal and records only scope-authorized local mentions (1282.0704ms)
  ✔ AT-27: logs a received meeting note manually and keeps the internal record out of the client portal (527.5722ms)
  ✔ AT-26: resolves a mail template and records accepted, failed, and unknown outcomes locally (1520.9202ms)
  ✔ AT-21: keeps OneDrive optional until enabled and preserves SharePoint as canonical storage (731.2244ms)
  ✔ AT-20: registers a replacement file without silently changing its pinned evidence reference (2749.6194ms)
  ✔ VP-021: keeps stable document identity through rename, move and unavailable-reference recovery (223.3718ms)
  ✔ VP-053: records reasoned evidence unlink history and keeps the linked procedure stale (369.3082ms)
  ✔ AT-22: persists selected-file metadata across reload and explains that original bytes are unavailable (521.7009ms)
  ✔ AT-30/VP-030: drafts an invoice from approved time and reserves the source once (1040.6854ms)
  ✔ AT-31/VP-031: requires independent invoice and credit review before issue (617.9131ms)
  ✔ AT-50/VP-061: client search excludes internal activity and finds shared documents (2230.6152ms)
  ✔ AT-32/AT-33 VP-032/033: filters aging and statements, splits one offline receipt across invoices and reverses one allocation (1664.9081ms)
  ✔ AT-29/VP-029: versions a budget without rewriting approved time rates (365.9419ms)
  ✔ AT-44/VP-047: records independent acceptance and creates a clean next-period draft (783.5174ms)
  ✔ AT-41/AT-42/AT-48: saves exact generated package artifacts and verifies them after reload (10147.9697ms)
  ✔ AT-49/AT-60: validates every practice report, client scoping, and exported CSV rows (7726.4775ms)
  ✔ AT-43/AT-44/AT-45: reviews pinned consolidation snapshots and approved eliminations without changing source TBs (2165.213ms)
  ✔ AT-44: warns on a changed component source and requires an explicit re-pin (1280.5567ms)
  ✔ AT-43: blocks missing FX and accepts a dated component-currency closing rate (2682.0634ms)
  ✔ AT-44: isolates a translation-rounding residual from balanced component sources (840.7482ms)
  ✔ AT-43: blocks consolidation output and identifies a missing perimeter role (710.9292ms)
  ✔ AT-43: labels minority ownership unsupported and produces no consolidated figures (665.1353ms)
  ✔ AT-43: edits the group perimeter with validation, history, elimination re-review and revert (2038.8976ms)
  ✔ AT-45: creates, returns and independently approves a balanced group elimination (2531.0705ms)
  ✔ VP-045-AC03: leaves the explained unmatched intercompany amount visible in group detail (679.8372ms)
  ✔ AT-43: projects only granted consolidation components under a narrow group grant (686.4232ms)
  ✔ AT-35: rejects an unbalanced TB import then preserves the accepted source revision on replacement (5194.9224ms)
  ✔ AT-23/AT-24: creates a PBC request, receives a replacement after clarification, then accepts it independently (3112.8892ms)
  ✔ AT-28: records, returns, resubmits and corrects approved time as retained revisions (1007.4986ms)
  ✔ AT-38/AT-40: includes an accepted unreflected adjustment in the financial statements (1741.6689ms)
  ✔ AT-38: routes a new adjustment through independent technical review and client acceptance (3140.6365ms)
  ✔ AT-02/AT-54: preserves conflicts and reports browser-storage failure without silent overwrite (1847.4784ms)
  ✔ AT-02: preserves malformed saved state and offers a recoverable demo session (770.841ms)
  ✔ VP-004: preserves a future-schema payload and restores a validated import (947.6985ms)
  ✔ VP-047/v13: legacy accepted case remains historical and requires evidence review (470.0609ms)
  ✔ AT-37: independently approves account mappings and traces statement rows to their source accounts (5902.7239ms)
  ✔ AT-17/VP-018: adds a local identity without access, disables it, and inspects invitation history (1951.2035ms)
  ✔ VP-049: publishes and applies a reusable program template with fresh execution state (1372.7966ms)
  ✔ AT-19: prepares the same client workspace twice idempotently (1086.6142ms)
  ✔ AT-34: configures and persists the selected accounting context (1323.6618ms)
  ✔ AT-36: imports a period-bound GL source, reconciles opening plus movement to TB, and retains replacement history (2339.2459ms)
  ✔ AT-39: renders reconciliation timing and variance totals (2875.5122ms)
  ✔ AT-46: opens workpaper, evidence and finding views (808.5668ms)
  ✔ VP-054: records a sourced qualitative finding and durable reasoned disposition (1833.7349ms)
  ✔ VP-055: requires an independent response review and reopens after workpaper revision (1877.724ms)
  ✔ AT-55: shows a scope-filtered cross-engagement review queue (2133.6003ms)
  ✔ VP-055: raises a revision-pinned review note on a finding (1094.9132ms)
  ✔ AT-47: opens the sign-offs and EQR workspace (471.493ms)
  ✔ AT-51: saves a new rate version without rewriting issued invoices (827.3265ms)
  ✔ AT-52: carries manually entered client data through engagement, job, mapped statements and a persisted package (5668.6003ms)
  ✔ VP-012: suspends and resumes an engagement with reasoned persisted history (1702.169ms)
  ✔ AT-03/VP-063: blocks external HTTP requests across the Chrome acceptance journeys (3.0649ms)
✔ actual Chrome browser acceptance (144312.4227ms)
ℹ tests 74
ℹ suites 2
ℹ pass 74
ℹ fail 0
ℹ cancelled 0
ℹ skipped 0
ℹ todo 0
ℹ duration_ms 148831.4894
exit=0
